11:03:21.930 [main] TRACE org.example.RunnerTest - name - Lorotadin, price - 500, isPrescription - true
